// Jest Snapshot v1, https://goo.gl/fbAQLP

exports[`Serialize data 1`] = `
"*3
$3
set
$7
testKey
$12
testValueKey"
`;

exports[`Stream filter and serialize 1`] = `
"*2
$6
SELECT
$1
0
*3
$3
SET
$5
stas2
$5
good2
*3
$3
SET
$4
test
$9
valueTest
*3
$3
SET
$5
test2
$10
valueTest2
*3
$3
SET
$5
stas4
$5
good4
*3
$3
SET
$5
stas3
$5
good3
*2
$6
SELECT
$1
0
*3
$3
set
$7
stas223
$8
stas2223
*3
$3
set
$7
stas223
$8
stas2223
*3
$3
set
$7
stas223
$8
stas2224
*3
$3
SET
$9
stasvasya
$9
staspetyz"
`;
